TRUNCATE customer;
\! pg_bulkload -d contrib_regression data/csv.ctl -o"delimiter=|" -i data/data1.csv
NOTICE: BULK LOAD START
WARNING:  BULK LOAD ERROR (row=4, col=15) invalid input syntax for type numeric: "BAD-DATA"
WARNING:  skip 1 error(s) in input file
NOTICE: BULK LOAD END (9 records)
SET enable_seqscan = on;
SET enable_indexscan = off;
SET enable_bitmapscan = off;
SELECT * FROM customer ORDER BY c_id;
   c_id   | c_d_id | c_w_id |     c_first      | c_middle |      c_last      |      c_street_1      |      c_street_2      |        c_city        | c_state |   c_zip   |     c_phone      |         c_since          | c_credit | c_credit_lim | c_discount | c_balance  | c_ytd_payment | c_payment_cnt | c_delivery_cnt |       c_data       
----------+--------+--------+------------------+----------+------------------+----------------------+----------------------+----------------------+---------+-----------+------------------+--------------------------+----------+--------------+------------+------------+---------------+---------------+----------------+--------------------
 16777216 |    216 |      0 | ABCDEFG          | AA       | AAAAAAAAAAAAAAAA | c_street_1           | c_street_2           | AAAAAAAAAAAAAAAAAAAA | AA      | AAAAAAAAA | AAAAAAAAAAAAAAAA | Sun Jan 01 12:34:56 2006 | AA       |   12345.6789 | 12345.6789 | 12345.6789 |    12345.6789 |       12345.7 |     12345.6789 | 123456789012345678
 16777217 |    217 |      0 | ABCDEFG          | AA       | AAAAAAAAAAAAAAAA | c_street_1           | c_street_2           | AAAAAAAAAAAAAAAAAAAA | AA      | AAAAAAAAA | AAAAAAAAAAAAAAAA | Sun Jan 01 12:34:56 2006 | AA       |   12345.6789 | 12345.6789 | 12345.6789 |    12345.6789 |       12345.7 |     12345.6789 | 123456789012345678
 16777218 |    218 |      0 | ABCDEFG          | AA       | AAAAAAAAAAAAAAAA | c_street_1           |                      | AAAAAAAAAAAAAAAAAAAA | AA      | AAAAAAAAA | AAAAAAAAAAAAAAAA | Sun Jan 01 12:34:56 2006 | AA       |   12345.6789 | 12345.6789 | 12345.6789 |    12345.6789 |       12345.7 |     12345.6789 | 123456789012345678
 16777220 |    220 |      0 | ABCDEFG          | AA       | AAAAAAAAAAAAAAAA | c_street_1           | c_street_2           | AAAAAAAAAAAAAAAAAAAA | AA      | AAAAAAAAA | AAAAAAAAAAAAAAAA | Sun Jan 01 12:34:56 2006 | AA       |   12345.6789 | 12345.6789 | 12345.6789 |    12345.6789 |       12345.7 |     12345.6789 | 123456789012345678
 16777221 |    221 |      0 | ABCDEFG          | AA       | AAAAAAAAAAAAAAAA | c_street_1           |                      | AAAAAAAAAAAAAAAAAAAA | AA      | AAAAAAAAA | AAAAAAAAAAAAAAAA | Sun Jan 01 12:34:56 2006 | AA       |   12345.6789 | 12345.6789 | 12345.6789 |    12345.6789 |       12345.7 |     12345.6789 | 123456789012345678
 16777222 |    222 |      0 | ABCDEFG          | AA       | AAAAAAAAAAAAAAAA |                      | c_street_2           | AAAAAAAAAAAAAAAAAAAA | AA      | AAAAAAAAA | AAAAAAAAAAAAAAAA | Sun Jan 01 12:34:56 2006 | AA       |   12345.6789 | 12345.6789 | 12345.6789 |    12345.6789 |       12345.7 |     12345.6789 | 123456789012345678
 16777223 |    223 |      0 | ABCDEFG          | AA       | AAAAAAAAAAAAAAAA | c_street_1           | c_street_2           | AAAAAAAAAAAAAAAAAAAA | AA      | AAAAAAAAA | AAAAAAAAAAAAAAAA | Sun Jan 01 12:34:56 2006 | AA       |   12345.6789 | 12345.6789 | 12345.6789 |    12345.6789 |       12345.7 |     12345.6789 | 123456789012345678
 16777224 |    224 |      0 | ABCDEFG          | AA       | AAAAAAAAAAAAAAAA | c_street_1           | c_street_2           | AAAAAAAAAAAAAAAAAAAA | AA      | AAAAAAAAA | AAAAAAAAAAAAAAAA | Sun Jan 01 12:34:56 2006 | AA       |   12345.6789 | 12345.6789 | 12345.6789 |    12345.6789 |       12345.7 |     12345.6789 | 123456789012345678
 16777225 |    225 |      0 | DUP-1            | AA       | AAAAAAAAAAAAAAAA | c_street_1           | c_street_2           | AAAAAAAAAAAAAAAAAAAA | AA      | AAAAAAAAA | AAAAAAAAAAAAAAAA | Sun Jan 01 12:34:56 2006 | AA       |   12345.6789 | 12345.6789 | 12345.6789 |    12345.6789 |       12345.7 |     12345.6789 | 123456789012345678
(9 rows)

SET enable_seqscan = off;
SET enable_indexscan = on;
SET enable_bitmapscan = off;
SELECT * FROM customer ORDER BY c_id;
   c_id   | c_d_id | c_w_id |     c_first      | c_middle |      c_last      |      c_street_1      |      c_street_2      |        c_city        | c_state |   c_zip   |     c_phone      |         c_since          | c_credit | c_credit_lim | c_discount | c_balance  | c_ytd_payment | c_payment_cnt | c_delivery_cnt |       c_data       
----------+--------+--------+------------------+----------+------------------+----------------------+----------------------+----------------------+---------+-----------+------------------+--------------------------+----------+--------------+------------+------------+---------------+---------------+----------------+--------------------
 16777216 |    216 |      0 | ABCDEFG          | AA       | AAAAAAAAAAAAAAAA | c_street_1           | c_street_2           | AAAAAAAAAAAAAAAAAAAA | AA      | AAAAAAAAA | AAAAAAAAAAAAAAAA | Sun Jan 01 12:34:56 2006 | AA       |   12345.6789 | 12345.6789 | 12345.6789 |    12345.6789 |       12345.7 |     12345.6789 | 123456789012345678
 16777217 |    217 |      0 | ABCDEFG          | AA       | AAAAAAAAAAAAAAAA | c_street_1           | c_street_2           | AAAAAAAAAAAAAAAAAAAA | AA      | AAAAAAAAA | AAAAAAAAAAAAAAAA | Sun Jan 01 12:34:56 2006 | AA       |   12345.6789 | 12345.6789 | 12345.6789 |    12345.6789 |       12345.7 |     12345.6789 | 123456789012345678
 16777218 |    218 |      0 | ABCDEFG          | AA       | AAAAAAAAAAAAAAAA | c_street_1           |                      | AAAAAAAAAAAAAAAAAAAA | AA      | AAAAAAAAA | AAAAAAAAAAAAAAAA | Sun Jan 01 12:34:56 2006 | AA       |   12345.6789 | 12345.6789 | 12345.6789 |    12345.6789 |       12345.7 |     12345.6789 | 123456789012345678
 16777220 |    220 |      0 | ABCDEFG          | AA       | AAAAAAAAAAAAAAAA | c_street_1           | c_street_2           | AAAAAAAAAAAAAAAAAAAA | AA      | AAAAAAAAA | AAAAAAAAAAAAAAAA | Sun Jan 01 12:34:56 2006 | AA       |   12345.6789 | 12345.6789 | 12345.6789 |    12345.6789 |       12345.7 |     12345.6789 | 123456789012345678
 16777221 |    221 |      0 | ABCDEFG          | AA       | AAAAAAAAAAAAAAAA | c_street_1           |                      | AAAAAAAAAAAAAAAAAAAA | AA      | AAAAAAAAA | AAAAAAAAAAAAAAAA | Sun Jan 01 12:34:56 2006 | AA       |   12345.6789 | 12345.6789 | 12345.6789 |    12345.6789 |       12345.7 |     12345.6789 | 123456789012345678
 16777222 |    222 |      0 | ABCDEFG          | AA       | AAAAAAAAAAAAAAAA |                      | c_street_2           | AAAAAAAAAAAAAAAAAAAA | AA      | AAAAAAAAA | AAAAAAAAAAAAAAAA | Sun Jan 01 12:34:56 2006 | AA       |   12345.6789 | 12345.6789 | 12345.6789 |    12345.6789 |       12345.7 |     12345.6789 | 123456789012345678
 16777223 |    223 |      0 | ABCDEFG          | AA       | AAAAAAAAAAAAAAAA | c_street_1           | c_street_2           | AAAAAAAAAAAAAAAAAAAA | AA      | AAAAAAAAA | AAAAAAAAAAAAAAAA | Sun Jan 01 12:34:56 2006 | AA       |   12345.6789 | 12345.6789 | 12345.6789 |    12345.6789 |       12345.7 |     12345.6789 | 123456789012345678
 16777224 |    224 |      0 | ABCDEFG          | AA       | AAAAAAAAAAAAAAAA | c_street_1           | c_street_2           | AAAAAAAAAAAAAAAAAAAA | AA      | AAAAAAAAA | AAAAAAAAAAAAAAAA | Sun Jan 01 12:34:56 2006 | AA       |   12345.6789 | 12345.6789 | 12345.6789 |    12345.6789 |       12345.7 |     12345.6789 | 123456789012345678
 16777225 |    225 |      0 | DUP-1            | AA       | AAAAAAAAAAAAAAAA | c_street_1           | c_street_2           | AAAAAAAAAAAAAAAAAAAA | AA      | AAAAAAAAA | AAAAAAAAAAAAAAAA | Sun Jan 01 12:34:56 2006 | AA       |   12345.6789 | 12345.6789 | 12345.6789 |    12345.6789 |       12345.7 |     12345.6789 | 123456789012345678
(9 rows)

\! pg_bulkload -d contrib_regression data/csv.ctl -i data/data2.csv -o "WRITER=PARALLEL"
NOTICE: BULK LOAD START
ERROR: query failed: ERROR:  duplicate key value violates unique constraint "customer_pkey"
DETAIL:  Key (c_w_id,c_d_id,c_id)=(0,225,16777225) already exists.
query was: SELECT pg_bulkload($1, $2)
SET enable_seqscan = on;
SET enable_indexscan = off;
SET enable_bitmapscan = off;
SELECT * FROM customer ORDER BY c_id;
   c_id   | c_d_id | c_w_id |     c_first      | c_middle |      c_last      |      c_street_1      |      c_street_2      |        c_city        | c_state |   c_zip   |     c_phone      |         c_since          | c_credit | c_credit_lim | c_discount | c_balance  | c_ytd_payment | c_payment_cnt | c_delivery_cnt |       c_data       
----------+--------+--------+------------------+----------+------------------+----------------------+----------------------+----------------------+---------+-----------+------------------+--------------------------+----------+--------------+------------+------------+---------------+---------------+----------------+--------------------
 16777216 |    216 |      0 | ABCDEFG          | AA       | AAAAAAAAAAAAAAAA | c_street_1           | c_street_2           | AAAAAAAAAAAAAAAAAAAA | AA      | AAAAAAAAA | AAAAAAAAAAAAAAAA | Sun Jan 01 12:34:56 2006 | AA       |   12345.6789 | 12345.6789 | 12345.6789 |    12345.6789 |       12345.7 |     12345.6789 | 123456789012345678
 16777217 |    217 |      0 | ABCDEFG          | AA       | AAAAAAAAAAAAAAAA | c_street_1           | c_street_2           | AAAAAAAAAAAAAAAAAAAA | AA      | AAAAAAAAA | AAAAAAAAAAAAAAAA | Sun Jan 01 12:34:56 2006 | AA       |   12345.6789 | 12345.6789 | 12345.6789 |    12345.6789 |       12345.7 |     12345.6789 | 123456789012345678
 16777218 |    218 |      0 | ABCDEFG          | AA       | AAAAAAAAAAAAAAAA | c_street_1           |                      | AAAAAAAAAAAAAAAAAAAA | AA      | AAAAAAAAA | AAAAAAAAAAAAAAAA | Sun Jan 01 12:34:56 2006 | AA       |   12345.6789 | 12345.6789 | 12345.6789 |    12345.6789 |       12345.7 |     12345.6789 | 123456789012345678
 16777220 |    220 |      0 | ABCDEFG          | AA       | AAAAAAAAAAAAAAAA | c_street_1           | c_street_2           | AAAAAAAAAAAAAAAAAAAA | AA      | AAAAAAAAA | AAAAAAAAAAAAAAAA | Sun Jan 01 12:34:56 2006 | AA       |   12345.6789 | 12345.6789 | 12345.6789 |    12345.6789 |       12345.7 |     12345.6789 | 123456789012345678
 16777221 |    221 |      0 | ABCDEFG          | AA       | AAAAAAAAAAAAAAAA | c_street_1           |                      | AAAAAAAAAAAAAAAAAAAA | AA      | AAAAAAAAA | AAAAAAAAAAAAAAAA | Sun Jan 01 12:34:56 2006 | AA       |   12345.6789 | 12345.6789 | 12345.6789 |    12345.6789 |       12345.7 |     12345.6789 | 123456789012345678
 16777222 |    222 |      0 | ABCDEFG          | AA       | AAAAAAAAAAAAAAAA |                      | c_street_2           | AAAAAAAAAAAAAAAAAAAA | AA      | AAAAAAAAA | AAAAAAAAAAAAAAAA | Sun Jan 01 12:34:56 2006 | AA       |   12345.6789 | 12345.6789 | 12345.6789 |    12345.6789 |       12345.7 |     12345.6789 | 123456789012345678
 16777223 |    223 |      0 | ABCDEFG          | AA       | AAAAAAAAAAAAAAAA | c_street_1           | c_street_2           | AAAAAAAAAAAAAAAAAAAA | AA      | AAAAAAAAA | AAAAAAAAAAAAAAAA | Sun Jan 01 12:34:56 2006 | AA       |   12345.6789 | 12345.6789 | 12345.6789 |    12345.6789 |       12345.7 |     12345.6789 | 123456789012345678
 16777224 |    224 |      0 | ABCDEFG          | AA       | AAAAAAAAAAAAAAAA | c_street_1           | c_street_2           | AAAAAAAAAAAAAAAAAAAA | AA      | AAAAAAAAA | AAAAAAAAAAAAAAAA | Sun Jan 01 12:34:56 2006 | AA       |   12345.6789 | 12345.6789 | 12345.6789 |    12345.6789 |       12345.7 |     12345.6789 | 123456789012345678
 16777225 |    225 |      0 | DUP-1            | AA       | AAAAAAAAAAAAAAAA | c_street_1           | c_street_2           | AAAAAAAAAAAAAAAAAAAA | AA      | AAAAAAAAA | AAAAAAAAAAAAAAAA | Sun Jan 01 12:34:56 2006 | AA       |   12345.6789 | 12345.6789 | 12345.6789 |    12345.6789 |       12345.7 |     12345.6789 | 123456789012345678
(9 rows)

SET enable_seqscan = off;
SET enable_indexscan = on;
SET enable_bitmapscan = off;
SELECT * FROM customer ORDER BY c_id;
   c_id   | c_d_id | c_w_id |     c_first      | c_middle |      c_last      |      c_street_1      |      c_street_2      |        c_city        | c_state |   c_zip   |     c_phone      |         c_since          | c_credit | c_credit_lim | c_discount | c_balance  | c_ytd_payment | c_payment_cnt | c_delivery_cnt |       c_data       
----------+--------+--------+------------------+----------+------------------+----------------------+----------------------+----------------------+---------+-----------+------------------+--------------------------+----------+--------------+------------+------------+---------------+---------------+----------------+--------------------
 16777216 |    216 |      0 | ABCDEFG          | AA       | AAAAAAAAAAAAAAAA | c_street_1           | c_street_2           | AAAAAAAAAAAAAAAAAAAA | AA      | AAAAAAAAA | AAAAAAAAAAAAAAAA | Sun Jan 01 12:34:56 2006 | AA       |   12345.6789 | 12345.6789 | 12345.6789 |    12345.6789 |       12345.7 |     12345.6789 | 123456789012345678
 16777217 |    217 |      0 | ABCDEFG          | AA       | AAAAAAAAAAAAAAAA | c_street_1           | c_street_2           | AAAAAAAAAAAAAAAAAAAA | AA      | AAAAAAAAA | AAAAAAAAAAAAAAAA | Sun Jan 01 12:34:56 2006 | AA       |   12345.6789 | 12345.6789 | 12345.6789 |    12345.6789 |       12345.7 |     12345.6789 | 123456789012345678
 16777218 |    218 |      0 | ABCDEFG          | AA       | AAAAAAAAAAAAAAAA | c_street_1           |                      | AAAAAAAAAAAAAAAAAAAA | AA      | AAAAAAAAA | AAAAAAAAAAAAAAAA | Sun Jan 01 12:34:56 2006 | AA       |   12345.6789 | 12345.6789 | 12345.6789 |    12345.6789 |       12345.7 |     12345.6789 | 123456789012345678
 16777220 |    220 |      0 | ABCDEFG          | AA       | AAAAAAAAAAAAAAAA | c_street_1           | c_street_2           | AAAAAAAAAAAAAAAAAAAA | AA      | AAAAAAAAA | AAAAAAAAAAAAAAAA | Sun Jan 01 12:34:56 2006 | AA       |   12345.6789 | 12345.6789 | 12345.6789 |    12345.6789 |       12345.7 |     12345.6789 | 123456789012345678
 16777221 |    221 |      0 | ABCDEFG          | AA       | AAAAAAAAAAAAAAAA | c_street_1           |                      | AAAAAAAAAAAAAAAAAAAA | AA      | AAAAAAAAA | AAAAAAAAAAAAAAAA | Sun Jan 01 12:34:56 2006 | AA       |   12345.6789 | 12345.6789 | 12345.6789 |    12345.6789 |       12345.7 |     12345.6789 | 123456789012345678
 16777222 |    222 |      0 | ABCDEFG          | AA       | AAAAAAAAAAAAAAAA |                      | c_street_2           | AAAAAAAAAAAAAAAAAAAA | AA      | AAAAAAAAA | AAAAAAAAAAAAAAAA | Sun Jan 01 12:34:56 2006 | AA       |   12345.6789 | 12345.6789 | 12345.6789 |    12345.6789 |       12345.7 |     12345.6789 | 123456789012345678
 16777223 |    223 |      0 | ABCDEFG          | AA       | AAAAAAAAAAAAAAAA | c_street_1           | c_street_2           | AAAAAAAAAAAAAAAAAAAA | AA      | AAAAAAAAA | AAAAAAAAAAAAAAAA | Sun Jan 01 12:34:56 2006 | AA       |   12345.6789 | 12345.6789 | 12345.6789 |    12345.6789 |       12345.7 |     12345.6789 | 123456789012345678
 16777224 |    224 |      0 | ABCDEFG          | AA       | AAAAAAAAAAAAAAAA | c_street_1           | c_street_2           | AAAAAAAAAAAAAAAAAAAA | AA      | AAAAAAAAA | AAAAAAAAAAAAAAAA | Sun Jan 01 12:34:56 2006 | AA       |   12345.6789 | 12345.6789 | 12345.6789 |    12345.6789 |       12345.7 |     12345.6789 | 123456789012345678
 16777225 |    225 |      0 | DUP-1            | AA       | AAAAAAAAAAAAAAAA | c_street_1           | c_street_2           | AAAAAAAAAAAAAAAAAAAA | AA      | AAAAAAAAA | AAAAAAAAAAAAAAAA | Sun Jan 01 12:34:56 2006 | AA       |   12345.6789 | 12345.6789 | 12345.6789 |    12345.6789 |       12345.7 |     12345.6789 | 123456789012345678
(9 rows)

\! pg_bulkload -d contrib_regression data/csv.ctl -i data/data2.csv -o "WRITER=PARALLEL" -o "ON_DUPLICATE=REMOVE_OLD"
NOTICE: BULK LOAD START
WARNING:  duplicate tuple removed: (16777225,225,0,"DUP-1           ",AA,AAAAAAAAAAAAAAAA,"c_street_1          ","c_street_2          ",AAAAAAAAAAAAAAAAAAAA,AA,AAAAAAAAA,AAAAAAAAAAAAAAAA,"Sun Jan 01 12:34:56 2006",AA,12345.6789,12345.6789,12345.6789,12345.6789,12345.7,12345.6789,123456789012345678)
NOTICE: BULK LOAD END (10 records)
SET enable_seqscan = on;
SET enable_indexscan = off;
SET enable_bitmapscan = off;
SELECT * FROM customer ORDER BY c_id;
   c_id   | c_d_id | c_w_id |     c_first      | c_middle |      c_last      |      c_street_1      |      c_street_2      |        c_city        | c_state |   c_zip   |     c_phone      |         c_since          | c_credit | c_credit_lim | c_discount | c_balance  | c_ytd_payment | c_payment_cnt | c_delivery_cnt |       c_data       
----------+--------+--------+------------------+----------+------------------+----------------------+----------------------+----------------------+---------+-----------+------------------+--------------------------+----------+--------------+------------+------------+---------------+---------------+----------------+--------------------
 16777216 |    216 |      0 | ABCDEFG          | AA       | AAAAAAAAAAAAAAAA | c_street_1           | c_street_2           | AAAAAAAAAAAAAAAAAAAA | AA      | AAAAAAAAA | AAAAAAAAAAAAAAAA | Sun Jan 01 12:34:56 2006 | AA       |   12345.6789 | 12345.6789 | 12345.6789 |    12345.6789 |       12345.7 |     12345.6789 | 123456789012345678
 16777217 |    217 |      0 | ABCDEFG          | AA       | AAAAAAAAAAAAAAAA | c_street_1           | c_street_2           | AAAAAAAAAAAAAAAAAAAA | AA      | AAAAAAAAA | AAAAAAAAAAAAAAAA | Sun Jan 01 12:34:56 2006 | AA       |   12345.6789 | 12345.6789 | 12345.6789 |    12345.6789 |       12345.7 |     12345.6789 | 123456789012345678
 16777218 |    218 |      0 | ABCDEFG          | AA       | AAAAAAAAAAAAAAAA | c_street_1           |                      | AAAAAAAAAAAAAAAAAAAA | AA      | AAAAAAAAA | AAAAAAAAAAAAAAAA | Sun Jan 01 12:34:56 2006 | AA       |   12345.6789 | 12345.6789 | 12345.6789 |    12345.6789 |       12345.7 |     12345.6789 | 123456789012345678
 16777220 |    220 |      0 | ABCDEFG          | AA       | AAAAAAAAAAAAAAAA | c_street_1           | c_street_2           | AAAAAAAAAAAAAAAAAAAA | AA      | AAAAAAAAA | AAAAAAAAAAAAAAAA | Sun Jan 01 12:34:56 2006 | AA       |   12345.6789 | 12345.6789 | 12345.6789 |    12345.6789 |       12345.7 |     12345.6789 | 123456789012345678
 16777221 |    221 |      0 | ABCDEFG          | AA       | AAAAAAAAAAAAAAAA | c_street_1           |                      | AAAAAAAAAAAAAAAAAAAA | AA      | AAAAAAAAA | AAAAAAAAAAAAAAAA | Sun Jan 01 12:34:56 2006 | AA       |   12345.6789 | 12345.6789 | 12345.6789 |    12345.6789 |       12345.7 |     12345.6789 | 123456789012345678
 16777222 |    222 |      0 | ABCDEFG          | AA       | AAAAAAAAAAAAAAAA |                      | c_street_2           | AAAAAAAAAAAAAAAAAAAA | AA      | AAAAAAAAA | AAAAAAAAAAAAAAAA | Sun Jan 01 12:34:56 2006 | AA       |   12345.6789 | 12345.6789 | 12345.6789 |    12345.6789 |       12345.7 |     12345.6789 | 123456789012345678
 16777223 |    223 |      0 | ABCDEFG          | AA       | AAAAAAAAAAAAAAAA | c_street_1           | c_street_2           | AAAAAAAAAAAAAAAAAAAA | AA      | AAAAAAAAA | AAAAAAAAAAAAAAAA | Sun Jan 01 12:34:56 2006 | AA       |   12345.6789 | 12345.6789 | 12345.6789 |    12345.6789 |       12345.7 |     12345.6789 | 123456789012345678
 16777224 |    224 |      0 | ABCDEFG          | AA       | AAAAAAAAAAAAAAAA | c_street_1           | c_street_2           | AAAAAAAAAAAAAAAAAAAA | AA      | AAAAAAAAA | AAAAAAAAAAAAAAAA | Sun Jan 01 12:34:56 2006 | AA       |   12345.6789 | 12345.6789 | 12345.6789 |    12345.6789 |       12345.7 |     12345.6789 | 123456789012345678
 16777225 |    225 |      0 | DUP-2            | AA       | AAAAAAAAAAAAAAAA | c_street_1           | c_street_2           | AAAAAAAAAAAAAAAAAAAA | AA      | AAAAAAAAA | AAAAAAAAAAAAAAAA | Sun Jan 01 12:34:56 2006 | AA       |   12345.6789 | 12345.6789 | 12345.6789 |    12345.6789 |       12345.7 |     12345.6789 | 123456789012345678
 16777226 |    226 |      0 | ABCDEFG          | AA       | AAAAAAAAAAAAAAAA | c_street_1           | c_street_2           | AAAAAAAAAAAAAAAAAAAA | AA      | AAAAAAAAA | AAAAAAAAAAAAAAAA | Sun Jan 01 12:34:56 2006 | AA       |   12345.6789 | 12345.6789 | 12345.6789 |    12345.6789 |       12345.7 |     12345.6789 | 123456789012345678
 16777227 |    227 |      0 | ABCDEFG          | AA       | AAAAAAAAAAAAAAAA | c_street_1           | c_street_2           | AAAAAAAAAAAAAAAAAAAA | AA      | AAAAAAAAA | AAAAAAAAAAAAAAAA | Sun Jan 01 12:34:56 2006 | AA       |   12345.6789 | 12345.6789 | 12345.6789 |    12345.6789 |       12345.7 |     12345.6789 | 123456789012345678
 16777228 |    228 |      0 | ABCDEFG          | AA       | AAAAAAAAAAAAAAAA | c_street_1           | c_street_2           | AAAAAAAAAAAAAAAAAAAA | AA      | AAAAAAAAA | AAAAAAAAAAAAAAAA | Sun Jan 01 12:34:56 2006 | AA       |   12345.6789 | 12345.6789 | 12345.6789 |    12345.6789 |       12345.7 |     12345.6789 | 123456789012345678
 16777229 |    229 |      0 | ABCDEFG          | AA       | AAAAAAAAAAAAAAAA | c_street_1           | c_street_2           | AAAAAAAAAAAAAAAAAAAA | AA      | AAAAAAAAA | AAAAAAAAAAAAAAAA | Sun Jan 01 12:34:56 2006 | AA       |   12345.6789 | 12345.6789 | 12345.6789 |    12345.6789 |       12345.7 |     12345.6789 | 123456789012345678
 16777230 |    230 |      0 | ABCDEFG          | AA       | AAAAAAAAAAAAAAAA | c_street_1           | c_street_2           | AAAAAAAAAAAAAAAAAAAA | AA      | AAAAAAAAA | AAAAAAAAAAAAAAAA | Sun Jan 01 12:34:56 2006 | AA       |   12345.6789 | 12345.6789 | 12345.6789 |    12345.6789 |       12345.7 |     12345.6789 | 123456789012345678
 16777231 |    231 |      0 | ABCDEFG          | AA       | AAAAAAAAAAAAAAAA | c_street_1           | c_street_2           | AAAAAAAAAAAAAAAAAAAA | AA      | AAAAAAAAA | AAAAAAAAAAAAAAAA | Sun Jan 01 12:34:56 2006 | AA       |   12345.6789 | 12345.6789 | 12345.6789 |    12345.6789 |       12345.7 |     12345.6789 | 123456789012345678
 16777232 |    232 |      0 | ABCDEFG          | AA       | AAAAAAAAAAAAAAAA | c_street_1           | c_street_2           | AAAAAAAAAAAAAAAAAAAA | AA      | AAAAAAAAA | AAAAAAAAAAAAAAAA | Sun Jan 01 12:34:56 2006 | AA       |   12345.6789 | 12345.6789 | 12345.6789 |    12345.6789 |       12345.7 |     12345.6789 | 123456789012345678
 16777233 |    233 |      0 | ABCDEFG          | AA       | AAAAAAAAAAAAAAAA | c_street_1           | c_street_2           | AAAAAAAAAAAAAAAAAAAA | AA      | AAAAAAAAA | AAAAAAAAAAAAAAAA | Sun Jan 01 12:34:56 2006 | AA       |   12345.6789 | 12345.6789 | 12345.6789 |    12345.6789 |       12345.7 |     12345.6789 | 123456789012345678
 16777234 |    234 |      0 | ABCDEFG          | AA       | AAAAAAAAAAAAAAAA | c_street_1           | c_street_2           | AAAAAAAAAAAAAAAAAAAA | AA      | AAAAAAAAA | AAAAAAAAAAAAAAAA | Sun Jan 01 12:34:56 2006 | AA       |   12345.6789 | 12345.6789 | 12345.6789 |    12345.6789 |       12345.7 |     12345.6789 | 123456789012345678
(18 rows)

SET enable_seqscan = off;
SET enable_indexscan = on;
SET enable_bitmapscan = off;
SELECT * FROM customer ORDER BY c_id;
   c_id   | c_d_id | c_w_id |     c_first      | c_middle |      c_last      |      c_street_1      |      c_street_2      |        c_city        | c_state |   c_zip   |     c_phone      |         c_since          | c_credit | c_credit_lim | c_discount | c_balance  | c_ytd_payment | c_payment_cnt | c_delivery_cnt |       c_data       
----------+--------+--------+------------------+----------+------------------+----------------------+----------------------+----------------------+---------+-----------+------------------+--------------------------+----------+--------------+------------+------------+---------------+---------------+----------------+--------------------
 16777216 |    216 |      0 | ABCDEFG          | AA       | AAAAAAAAAAAAAAAA | c_street_1           | c_street_2           | AAAAAAAAAAAAAAAAAAAA | AA      | AAAAAAAAA | AAAAAAAAAAAAAAAA | Sun Jan 01 12:34:56 2006 | AA       |   12345.6789 | 12345.6789 | 12345.6789 |    12345.6789 |       12345.7 |     12345.6789 | 123456789012345678
 16777217 |    217 |      0 | ABCDEFG          | AA       | AAAAAAAAAAAAAAAA | c_street_1           | c_street_2           | AAAAAAAAAAAAAAAAAAAA | AA      | AAAAAAAAA | AAAAAAAAAAAAAAAA | Sun Jan 01 12:34:56 2006 | AA       |   12345.6789 | 12345.6789 | 12345.6789 |    12345.6789 |       12345.7 |     12345.6789 | 123456789012345678
 16777218 |    218 |      0 | ABCDEFG          | AA       | AAAAAAAAAAAAAAAA | c_street_1           |                      | AAAAAAAAAAAAAAAAAAAA | AA      | AAAAAAAAA | AAAAAAAAAAAAAAAA | Sun Jan 01 12:34:56 2006 | AA       |   12345.6789 | 12345.6789 | 12345.6789 |    12345.6789 |       12345.7 |     12345.6789 | 123456789012345678
 16777220 |    220 |      0 | ABCDEFG          | AA       | AAAAAAAAAAAAAAAA | c_street_1           | c_street_2           | AAAAAAAAAAAAAAAAAAAA | AA      | AAAAAAAAA | AAAAAAAAAAAAAAAA | Sun Jan 01 12:34:56 2006 | AA       |   12345.6789 | 12345.6789 | 12345.6789 |    12345.6789 |       12345.7 |     12345.6789 | 123456789012345678
 16777221 |    221 |      0 | ABCDEFG          | AA       | AAAAAAAAAAAAAAAA | c_street_1           |                      | AAAAAAAAAAAAAAAAAAAA | AA      | AAAAAAAAA | AAAAAAAAAAAAAAAA | Sun Jan 01 12:34:56 2006 | AA       |   12345.6789 | 12345.6789 | 12345.6789 |    12345.6789 |       12345.7 |     12345.6789 | 123456789012345678
 16777222 |    222 |      0 | ABCDEFG          | AA       | AAAAAAAAAAAAAAAA |                      | c_street_2           | AAAAAAAAAAAAAAAAAAAA | AA      | AAAAAAAAA | AAAAAAAAAAAAAAAA | Sun Jan 01 12:34:56 2006 | AA       |   12345.6789 | 12345.6789 | 12345.6789 |    12345.6789 |       12345.7 |     12345.6789 | 123456789012345678
 16777223 |    223 |      0 | ABCDEFG          | AA       | AAAAAAAAAAAAAAAA | c_street_1           | c_street_2           | AAAAAAAAAAAAAAAAAAAA | AA      | AAAAAAAAA | AAAAAAAAAAAAAAAA | Sun Jan 01 12:34:56 2006 | AA       |   12345.6789 | 12345.6789 | 12345.6789 |    12345.6789 |       12345.7 |     12345.6789 | 123456789012345678
 16777224 |    224 |      0 | ABCDEFG          | AA       | AAAAAAAAAAAAAAAA | c_street_1           | c_street_2           | AAAAAAAAAAAAAAAAAAAA | AA      | AAAAAAAAA | AAAAAAAAAAAAAAAA | Sun Jan 01 12:34:56 2006 | AA       |   12345.6789 | 12345.6789 | 12345.6789 |    12345.6789 |       12345.7 |     12345.6789 | 123456789012345678
 16777225 |    225 |      0 | DUP-2            | AA       | AAAAAAAAAAAAAAAA | c_street_1           | c_street_2           | AAAAAAAAAAAAAAAAAAAA | AA      | AAAAAAAAA | AAAAAAAAAAAAAAAA | Sun Jan 01 12:34:56 2006 | AA       |   12345.6789 | 12345.6789 | 12345.6789 |    12345.6789 |       12345.7 |     12345.6789 | 123456789012345678
 16777226 |    226 |      0 | ABCDEFG          | AA       | AAAAAAAAAAAAAAAA | c_street_1           | c_street_2           | AAAAAAAAAAAAAAAAAAAA | AA      | AAAAAAAAA | AAAAAAAAAAAAAAAA | Sun Jan 01 12:34:56 2006 | AA       |   12345.6789 | 12345.6789 | 12345.6789 |    12345.6789 |       12345.7 |     12345.6789 | 123456789012345678
 16777227 |    227 |      0 | ABCDEFG          | AA       | AAAAAAAAAAAAAAAA | c_street_1           | c_street_2           | AAAAAAAAAAAAAAAAAAAA | AA      | AAAAAAAAA | AAAAAAAAAAAAAAAA | Sun Jan 01 12:34:56 2006 | AA       |   12345.6789 | 12345.6789 | 12345.6789 |    12345.6789 |       12345.7 |     12345.6789 | 123456789012345678
 16777228 |    228 |      0 | ABCDEFG          | AA       | AAAAAAAAAAAAAAAA | c_street_1           | c_street_2           | AAAAAAAAAAAAAAAAAAAA | AA      | AAAAAAAAA | AAAAAAAAAAAAAAAA | Sun Jan 01 12:34:56 2006 | AA       |   12345.6789 | 12345.6789 | 12345.6789 |    12345.6789 |       12345.7 |     12345.6789 | 123456789012345678
 16777229 |    229 |      0 | ABCDEFG          | AA       | AAAAAAAAAAAAAAAA | c_street_1           | c_street_2           | AAAAAAAAAAAAAAAAAAAA | AA      | AAAAAAAAA | AAAAAAAAAAAAAAAA | Sun Jan 01 12:34:56 2006 | AA       |   12345.6789 | 12345.6789 | 12345.6789 |    12345.6789 |       12345.7 |     12345.6789 | 123456789012345678
 16777230 |    230 |      0 | ABCDEFG          | AA       | AAAAAAAAAAAAAAAA | c_street_1           | c_street_2           | AAAAAAAAAAAAAAAAAAAA | AA      | AAAAAAAAA | AAAAAAAAAAAAAAAA | Sun Jan 01 12:34:56 2006 | AA       |   12345.6789 | 12345.6789 | 12345.6789 |    12345.6789 |       12345.7 |     12345.6789 | 123456789012345678
 16777231 |    231 |      0 | ABCDEFG          | AA       | AAAAAAAAAAAAAAAA | c_street_1           | c_street_2           | AAAAAAAAAAAAAAAAAAAA | AA      | AAAAAAAAA | AAAAAAAAAAAAAAAA | Sun Jan 01 12:34:56 2006 | AA       |   12345.6789 | 12345.6789 | 12345.6789 |    12345.6789 |       12345.7 |     12345.6789 | 123456789012345678
 16777232 |    232 |      0 | ABCDEFG          | AA       | AAAAAAAAAAAAAAAA | c_street_1           | c_street_2           | AAAAAAAAAAAAAAAAAAAA | AA      | AAAAAAAAA | AAAAAAAAAAAAAAAA | Sun Jan 01 12:34:56 2006 | AA       |   12345.6789 | 12345.6789 | 12345.6789 |    12345.6789 |       12345.7 |     12345.6789 | 123456789012345678
 16777233 |    233 |      0 | ABCDEFG          | AA       | AAAAAAAAAAAAAAAA | c_street_1           | c_street_2           | AAAAAAAAAAAAAAAAAAAA | AA      | AAAAAAAAA | AAAAAAAAAAAAAAAA | Sun Jan 01 12:34:56 2006 | AA       |   12345.6789 | 12345.6789 | 12345.6789 |    12345.6789 |       12345.7 |     12345.6789 | 123456789012345678
 16777234 |    234 |      0 | ABCDEFG          | AA       | AAAAAAAAAAAAAAAA | c_street_1           | c_street_2           | AAAAAAAAAAAAAAAAAAAA | AA      | AAAAAAAAA | AAAAAAAAAAAAAAAA | Sun Jan 01 12:34:56 2006 | AA       |   12345.6789 | 12345.6789 | 12345.6789 |    12345.6789 |       12345.7 |     12345.6789 | 123456789012345678
(18 rows)

